MPLINK 4.49, Linker
Linker Map File - Created Mon Nov 19 19:25:18 2018

                                 Section Info
                  Section       Type    Address   Location Size(Bytes)
                ---------  ---------  ---------  ---------  ---------
                   .org_0       code   0x000000    program   0x000000
                   .org_1       code   0x000000    program   0x000002
                   .org_2       code   0x000004    program   0x0000f2
     .config_2007_BOLME.O       code   0x002007    program   0x000002



                              Program Memory Usage 
                               Start         End      
                           ---------   ---------      
                            0x000000    0x000000      
                            0x000004    0x00007c      
                            0x002007    0x002007      
            123 out of 8454 program addresses used, program memory utilization is 1%



                              Symbols - Sorted by Name
                     Name    Address   Location    Storage File                     
                ---------  ---------  ---------  --------- ---------                
                   ARTTIR   0x000065    program     static C:\Users\asus\Documents\mplabornekler\BOLME.asm
                    BASLA   0x000022    program     static C:\Users\asus\Documents\mplabornekler\BOLME.asm
                    DONGU   0x000073    program     static C:\Users\asus\Documents\mplabornekler\BOLME.asm
                  DONGU11   0x000076    program     static C:\Users\asus\Documents\mplabornekler\BOLME.asm
                  DONGU22   0x000078    program     static C:\Users\asus\Documents\mplabornekler\BOLME.asm
                  GECIKME   0x000074    program     static C:\Users\asus\Documents\mplabornekler\BOLME.asm
                      GIT   0x00001a    program     static C:\Users\asus\Documents\mplabornekler\BOLME.asm
                    ISLEM   0x000056    program     static C:\Users\asus\Documents\mplabornekler\BOLME.asm
                    KESME   0x000004    program     static C:\Users\asus\Documents\mplabornekler\BOLME.asm
                  KONTROL   0x00004a    program     static C:\Users\asus\Documents\mplabornekler\BOLME.asm
                 KONTROL1   0x000051    program     static C:\Users\asus\Documents\mplabornekler\BOLME.asm
                   TEKRAR   0x00006c    program     static C:\Users\asus\Documents\mplabornekler\BOLME.asm
                      YAZ   0x00005a    program     static C:\Users\asus\Documents\mplabornekler\BOLME.asm



                              Symbols - Sorted by Address
                     Name    Address   Location    Storage File                     
                ---------  ---------  ---------  --------- ---------                
                    KESME   0x000004    program     static C:\Users\asus\Documents\mplabornekler\BOLME.asm
                      GIT   0x00001a    program     static C:\Users\asus\Documents\mplabornekler\BOLME.asm
                    BASLA   0x000022    program     static C:\Users\asus\Documents\mplabornekler\BOLME.asm
                  KONTROL   0x00004a    program     static C:\Users\asus\Documents\mplabornekler\BOLME.asm
                 KONTROL1   0x000051    program     static C:\Users\asus\Documents\mplabornekler\BOLME.asm
                    ISLEM   0x000056    program     static C:\Users\asus\Documents\mplabornekler\BOLME.asm
                      YAZ   0x00005a    program     static C:\Users\asus\Documents\mplabornekler\BOLME.asm
                   ARTTIR   0x000065    program     static C:\Users\asus\Documents\mplabornekler\BOLME.asm
                   TEKRAR   0x00006c    program     static C:\Users\asus\Documents\mplabornekler\BOLME.asm
                    DONGU   0x000073    program     static C:\Users\asus\Documents\mplabornekler\BOLME.asm
                  GECIKME   0x000074    program     static C:\Users\asus\Documents\mplabornekler\BOLME.asm
                  DONGU11   0x000076    program     static C:\Users\asus\Documents\mplabornekler\BOLME.asm
                  DONGU22   0x000078    program     static C:\Users\asus\Documents\mplabornekler\BOLME.asm


