MPLINK 4.49, Linker
Linker Map File - Created Tue Nov 20 09:39:13 2018

                                 Section Info
                  Section       Type    Address   Location Size(Bytes)
                ---------  ---------  ---------  ---------  ---------
                   .org_0       code   0x000000    program   0x000000
                   .org_1       code   0x000000    program   0x000002
                   .org_2       code   0x000004    program   0x00010e
     .config_2007_BOZUK.O       code   0x002007    program   0x000002



                              Program Memory Usage 
                               Start         End      
                           ---------   ---------      
                            0x000000    0x000000      
                            0x000004    0x00008a      
                            0x002007    0x002007      
            137 out of 8454 program addresses used, program memory utilization is 1%



                              Symbols - Sorted by Name
                     Name    Address   Location    Storage File                     
                ---------  ---------  ---------  --------- ---------                
                   ARTTIR   0x000072    program     static C:\Users\asus\Documents\mplabornekler\bozuk.asm
                    BASLA   0x000022    program     static C:\Users\asus\Documents\mplabornekler\bozuk.asm
                    DONGU   0x000081    program     static C:\Users\asus\Documents\mplabornekler\bozuk.asm
                  DONGU11   0x000084    program     static C:\Users\asus\Documents\mplabornekler\bozuk.asm
                  DONGU22   0x000086    program     static C:\Users\asus\Documents\mplabornekler\bozuk.asm
                  GECIKME   0x000082    program     static C:\Users\asus\Documents\mplabornekler\bozuk.asm
                      GIT   0x00001a    program     static C:\Users\asus\Documents\mplabornekler\bozuk.asm
                    ISLEM   0x000058    program     static C:\Users\asus\Documents\mplabornekler\bozuk.asm
                    KESME   0x000004    program     static C:\Users\asus\Documents\mplabornekler\bozuk.asm
                  KONTROL   0x00004c    program     static C:\Users\asus\Documents\mplabornekler\bozuk.asm
                 KONTROL1   0x000053    program     static C:\Users\asus\Documents\mplabornekler\bozuk.asm
                   TEKRAR   0x00007a    program     static C:\Users\asus\Documents\mplabornekler\bozuk.asm
                    TOPLA   0x00005d    program     static C:\Users\asus\Documents\mplabornekler\bozuk.asm
                      YAZ   0x000061    program     static C:\Users\asus\Documents\mplabornekler\bozuk.asm



                              Symbols - Sorted by Address
                     Name    Address   Location    Storage File                     
                ---------  ---------  ---------  --------- ---------                
                    KESME   0x000004    program     static C:\Users\asus\Documents\mplabornekler\bozuk.asm
                      GIT   0x00001a    program     static C:\Users\asus\Documents\mplabornekler\bozuk.asm
                    BASLA   0x000022    program     static C:\Users\asus\Documents\mplabornekler\bozuk.asm
                  KONTROL   0x00004c    program     static C:\Users\asus\Documents\mplabornekler\bozuk.asm
                 KONTROL1   0x000053    program     static C:\Users\asus\Documents\mplabornekler\bozuk.asm
                    ISLEM   0x000058    program     static C:\Users\asus\Documents\mplabornekler\bozuk.asm
                    TOPLA   0x00005d    program     static C:\Users\asus\Documents\mplabornekler\bozuk.asm
                      YAZ   0x000061    program     static C:\Users\asus\Documents\mplabornekler\bozuk.asm
                   ARTTIR   0x000072    program     static C:\Users\asus\Documents\mplabornekler\bozuk.asm
                   TEKRAR   0x00007a    program     static C:\Users\asus\Documents\mplabornekler\bozuk.asm
                    DONGU   0x000081    program     static C:\Users\asus\Documents\mplabornekler\bozuk.asm
                  GECIKME   0x000082    program     static C:\Users\asus\Documents\mplabornekler\bozuk.asm
                  DONGU11   0x000084    program     static C:\Users\asus\Documents\mplabornekler\bozuk.asm
                  DONGU22   0x000086    program     static C:\Users\asus\Documents\mplabornekler\bozuk.asm


