MPLINK 4.49, Linker
Linker Map File - Created Wed Oct 17 09:19:48 2018

                                 Section Info
                  Section       Type    Address   Location Size(Bytes)
                ---------  ---------  ---------  ---------  ---------
                   .org_0       code   0x000000    program   0x000000
                   .org_1       code   0x000000    program   0x000012



                              Program Memory Usage 
                               Start         End      
                           ---------   ---------      
                            0x000000    0x000008      
            9 out of 8454 program addresses used, program memory utilization is 0%



                              Symbols - Sorted by Name
                     Name    Address   Location    Storage File                     
                ---------  ---------  ---------  --------- ---------                
                    BASLA   0x000000    program     static C:\Users\asus\Documents\mplabornekler\CIKARMA.asm
                    DONGU   0x000008    program     static C:\Users\asus\Documents\mplabornekler\CIKARMA.asm



                              Symbols - Sorted by Address
                     Name    Address   Location    Storage File                     
                ---------  ---------  ---------  --------- ---------                
                    BASLA   0x000000    program     static C:\Users\asus\Documents\mplabornekler\CIKARMA.asm
                    DONGU   0x000008    program     static C:\Users\asus\Documents\mplabornekler\CIKARMA.asm


