MPLINK 4.49, Linker
Linker Map File - Created Sat Dec 29 01:26:31 2018

                                 Section Info
                  Section       Type    Address   Location Size(Bytes)
                ---------  ---------  ---------  ---------  ---------
                   .org_0       code   0x000000    program   0x000000
                   .org_1       code   0x000000    program   0x000098
     .config_2007_FINAL.O       code   0x002007    program   0x000002



                              Program Memory Usage 
                               Start         End      
                           ---------   ---------      
                            0x000000    0x00004b      
                            0x002007    0x002007      
            77 out of 8454 program addresses used, program memory utilization is 0%



                              Symbols - Sorted by Name
                     Name    Address   Location    Storage File                     
                ---------  ---------  ---------  --------- ---------                
                    BASLA   0x000000    program     static C:\Users\asus\Documents\mplabornekler\final.asm
                      DON   0x000038    program     static C:\Users\asus\Documents\mplabornekler\final.asm
                     DON1   0x00003a    program     static C:\Users\asus\Documents\mplabornekler\final.asm
                 DONGUALT   0x00001d    program     static C:\Users\asus\Documents\mplabornekler\final.asm
                 DONGUUST   0x000016    program     static C:\Users\asus\Documents\mplabornekler\final.asm
                     DONN   0x000023    program     static C:\Users\asus\Documents\mplabornekler\final.asm
                  GECIKME   0x000036    program     static C:\Users\asus\Documents\mplabornekler\final.asm
                  LCD_KUR   0x00003f    program     static C:\Users\asus\Documents\mplabornekler\final.asm
                 LCD_VERI   0x000046    program     static C:\Users\asus\Documents\mplabornekler\final.asm
                   Satýr2   0x000033    program     static C:\Users\asus\Documents\mplabornekler\final.asm
                  TABLOAD   0x000024    program     static C:\Users\asus\Documents\mplabornekler\final.asm
                 TABLOSOY   0x00002b    program     static C:\Users\asus\Documents\mplabornekler\final.asm



                              Symbols - Sorted by Address
                     Name    Address   Location    Storage File                     
                ---------  ---------  ---------  --------- ---------                
                    BASLA   0x000000    program     static C:\Users\asus\Documents\mplabornekler\final.asm
                 DONGUUST   0x000016    program     static C:\Users\asus\Documents\mplabornekler\final.asm
                 DONGUALT   0x00001d    program     static C:\Users\asus\Documents\mplabornekler\final.asm
                     DONN   0x000023    program     static C:\Users\asus\Documents\mplabornekler\final.asm
                  TABLOAD   0x000024    program     static C:\Users\asus\Documents\mplabornekler\final.asm
                 TABLOSOY   0x00002b    program     static C:\Users\asus\Documents\mplabornekler\final.asm
                   Satýr2   0x000033    program     static C:\Users\asus\Documents\mplabornekler\final.asm
                  GECIKME   0x000036    program     static C:\Users\asus\Documents\mplabornekler\final.asm
                      DON   0x000038    program     static C:\Users\asus\Documents\mplabornekler\final.asm
                     DON1   0x00003a    program     static C:\Users\asus\Documents\mplabornekler\final.asm
                  LCD_KUR   0x00003f    program     static C:\Users\asus\Documents\mplabornekler\final.asm
                 LCD_VERI   0x000046    program     static C:\Users\asus\Documents\mplabornekler\final.asm


